******************************************************************************
                  TI ARM Linker PC v16.9.6                     
******************************************************************************
>> Linked Tue May 15 12:03:22 2018

OUTPUT FILE NAME:   <Test1.out>
ENTRY POINT SYMBOL: "_c_int00"  address: 000020b9


MEMORY CONFIGURATION

         name            origin    length      used     unused   attr    fill
----------------------  --------  ---------  --------  --------  ----  --------
  FLASH                 00000000   00040000  00002876  0003d78a  R  X
  SRAM                  20000000   00008000  000006e0  00007920  RW X


SEGMENT ALLOCATION MAP

run origin  load origin   length   init length attrs members
----------  ----------- ---------- ----------- ----- -------
00000000    00000000    00002878   00002878    r-x
  00000000    00000000    0000026c   0000026c    r-- .intvecs
  0000026c    0000026c    0000231a   0000231a    r-x .text
  00002588    00002588    000002b8   000002b8    r-- .const
  00002840    00002840    00000038   00000038    r-- .cinit
20000000    20000000    000006e0   00000000    rw-
  20000000    20000000    000004b0   00000000    rw- .bss
  200004b0    200004b0    00000200   00000000    rw- .stack
  200006b0    200006b0    00000030   00000000    rw- .data


SECTION ALLOCATION MAP

 output                                  attributes/
section   page    origin      length       input sections
--------  ----  ----------  ----------   ----------------
.intvecs   0    00000000    0000026c     
                  00000000    0000026c     tm4c123gh6pm_startup_ccs.obj (.intvecs)

.text      0    0000026c    0000231a     
                  0000026c    00000e2c     main.obj (.text)
                  00001098    00000878     uartstdio.obj (.text)
                  00001910    00000150     inits.obj (.text)
                  00001a60    00000132     driverlib.lib : gpio.obj (.text:GPIOPadConfigSet)
                  00001b92    00000002     rtsv7M4_T_le_v4SPD16_eabi.lib : i_div0.obj (.text)
                  00001b94    00000110     driverlib.lib : sysctl.obj (.text:SysCtlClockGet)
                  00001ca4    000000f4                   : sysctl.obj (.text:SysCtlClockSet)
                  00001d98    0000009c     rtsv7M4_T_le_v4SPD16_eabi.lib : memcpy_t2.obj (.text)
                  00001e34    0000007a                                   : memset_t2.obj (.text)
                  00001eae    00000002                                   : mpu_init.obj (.text)
                  00001eb0    00000070                                   : autoinit.obj (.text)
                  00001f20    00000068     driverlib.lib : interrupt.obj (.text:IntDisable)
                  00001f88    00000068                   : interrupt.obj (.text:IntEnable)
                  00001ff0    00000068     rtsv7M4_T_le_v4SPD16_eabi.lib : copy_decompress_lzss.obj (.text:decompress:lzss)
                  00002058    00000060     driverlib.lib : timer.obj (.text:TimerConfigure)
                  000020b8    00000054     rtsv7M4_T_le_v4SPD16_eabi.lib : boot.obj (.text)
                  0000210c    00000054                                   : exit.obj (.text)
                  00002160    00000054                                   : ltoa.obj (.text)
                  000021b4    0000004c                                   : cpy_tbl.obj (.text)
                  00002200    00000048     driverlib.lib : gpio.obj (.text:GPIOPinConfigure)
                  00002248    00000046                   : uart.obj (.text:UARTConfigSetExpClk)
                  0000228e    00000040     rtsv7M4_T_le_v4SPD16_eabi.lib : u_divt2.obj (.text)
                  000022ce    00000002                                   : startup.obj (.text)
                  000022d0    00000038     driverlib.lib : sysctl.obj (.text:SysCtlPeripheralPresent)
                  00002308    00000034                   : sysctl.obj (.text:SysCtlPeripheralEnable)
                  0000233c    0000002a                   : gpio.obj (.text:GPIODirModeSet)
                  00002366    00000022                   : pwm.obj (.text:PWMGenConfigure)
                  00002388    00000020                   : uart.obj (.text:UARTDisable)
                  000023a8    0000001e                   : pwm.obj (.text:PWMPulseWidthSet)
                  000023c6    00000002     --HOLE-- [fill = 0]
                  000023c8    00000018     rtsv7M4_T_le_v4SPD16_eabi.lib : args_main.obj (.text)
                  000023e0    00000014     driverlib.lib : sysctl.obj (.text:SysCtlPWMClockSet)
                  000023f4    00000014                   : uart.obj (.text:UARTEnable)
                  00002408    00000014     rtsv7M4_T_le_v4SPD16_eabi.lib : _lock.obj (.text)
                  0000241c    00000012     driverlib.lib : gpio.obj (.text:GPIOPinTypePWM)
                  0000242e    00000012                   : gpio.obj (.text:GPIOPinTypeUART)
                  00002440    00000012                   : pwm.obj (.text:PWMOutputState)
                  00002452    00000012                   : timer.obj (.text:TimerLoadSet)
                  00002464    00000010                   : interrupt.obj (.text:IntMasterDisable)
                  00002474    00000010                   : interrupt.obj (.text:IntMasterEnable)
                  00002484    00000010                   : pwm.obj (.text:PWMGenPeriodSet)
                  00002494    00000010     rtsv7M4_T_le_v4SPD16_eabi.lib : isdigit.obj (.text)
                  000024a4    00000010                                   : toupper.obj (.text)
                  000024b4    0000000e     driverlib.lib : timer.obj (.text:TimerEnable)
                  000024c2    0000000e                   : uart.obj (.text:UARTCharGetNonBlocking)
                  000024d0    0000000e                   : uart.obj (.text:UARTCharPutNonBlocking)
                  000024de    0000000e                   : uart.obj (.text:UARTCharsAvail)
                  000024ec    0000000e                   : uart.obj (.text:UARTSpaceAvail)
                  000024fa    0000000e     rtsv7M4_T_le_v4SPD16_eabi.lib : copy_decompress_none.obj (.text:decompress:none)
                  00002508    0000000c     driverlib.lib : cpu.obj (.text:CPUcpsid)
                  00002514    0000000c                   : cpu.obj (.text:CPUcpsie)
                  00002520    0000000c                   : pwm.obj (.text:PWMGenEnable)
                  0000252c    0000000c     rtsv7M4_T_le_v4SPD16_eabi.lib : copy_zero_init.obj (.text:decompress:ZI)
                  00002538    0000000c     tm4c123gh6pm_startup_ccs.obj (.text)
                  00002544    0000000a     driverlib.lib : uart.obj (.text:UARTIntDisable)
                  0000254e    0000000a                   : uart.obj (.text:UARTIntStatus)
                  00002558    00000008                   : timer.obj (.text:TimerIntEnable)
                  00002560    00000008                   : uart.obj (.text:UARTIntEnable)
                  00002568    00000006                   : sysctl.obj (.text:SysCtlDelay)
                  0000256e    00000006                   : uart.obj (.text:UARTClockSourceSet)
                  00002574    00000006                   : uart.obj (.text:UARTFIFOLevelSet)
                  0000257a    00000004                   : timer.obj (.text:TimerIntClear)
                  0000257e    00000004                   : uart.obj (.text:UARTIntClear)
                  00002582    00000004     rtsv7M4_T_le_v4SPD16_eabi.lib : pre_init.obj (.text)

.const     0    00002588    000002b8     
                  00002588    00000101     rtsv7M4_T_le_v4SPD16_eabi.lib : ctype.obj (.const:.string:_ctypes_)
                  00002689    00000003     main.obj (.const:.string:$P$T0$1)
                  0000268c    00000090     driverlib.lib : gpio.obj (.const:g_pui32GPIOBaseAddrs)
                  0000271c    00000070                   : interrupt.obj (.const)
                  0000278c    0000006c                   : sysctl.obj (.const:g_pui32Xtals)
                  000027f8    00000012     uartstdio.obj (.const:.string)
                  0000280a    00000002     --HOLE-- [fill = 0]
                  0000280c    0000000c     uartstdio.obj (.const:g_ui32UARTBase)
                  00002818    0000000c     uartstdio.obj (.const:g_ui32UARTInt)
                  00002824    0000000c     uartstdio.obj (.const:g_ui32UARTPeriph)
                  00002830    00000005     main.obj (.const:.string:$P$T1$2)
                  00002835    00000004     main.obj (.const:.string:$P$T2$3)
                  00002839    00000003     --HOLE-- [fill = 0]
                  0000283c    00000004     uartstdio.obj (.const)

.cinit     0    00002840    00000038     
                  00002840    00000012     (.cinit..data.load) [load image, compression = lzss]
                  00002852    00000002     --HOLE-- [fill = 0]
                  00002854    0000000c     (__TI_handler_table)
                  00002860    00000008     (.cinit..bss.load) [load image, compression = zero_init]
                  00002868    00000010     (__TI_cinit_table)

.init_array 
*          0    00000000    00000000     UNINITIALIZED

.bss       0    20000000    000004b0     UNINITIALIZED
                  20000000    00000400     uartstdio.obj (.bss:g_pcUARTTxBuffer)
                  20000400    00000080     uartstdio.obj (.bss:g_pcUARTRxBuffer)
                  20000480    00000014     (.common:pd0LaserA)
                  20000494    00000014     (.common:pd1LaserB)
                  200004a8    00000008     uartstdio.obj (.bss)

.stack     0    200004b0    00000200     UNINITIALIZED
                  200004b0    00000200     --HOLE--

.data      0    200006b0    00000030     UNINITIALIZED
                  200006b0    00000015     uartstdio.obj (.data)
                  200006c5    00000003     --HOLE--
                  200006c8    0000000c     rtsv7M4_T_le_v4SPD16_eabi.lib : exit.obj (.data:$O1$$)
                  200006d4    00000008                                   : _lock.obj (.data:$O1$$)
                  200006dc    00000004                                   : stkdepth_vars.obj (.data)

MODULE SUMMARY

       Module                         code   ro data   rw data
       ------                         ----   -------   -------
    .\
       main.obj                       3628   12        40     
       uartstdio.obj                  2168   58        1181   
       tm4c123gh6pm_startup_ccs.obj   12     620       0      
    +--+------------------------------+------+---------+---------+
       Total:                         5808   690       1221   
                                                              
    .\inits\
       inits.obj                      336    0         0      
    +--+------------------------------+------+---------+---------+
       Total:                         336    0         0      
                                                              
    ../driverlib.lib
       sysctl.obj                     650    108       0      
       gpio.obj                       456    144       0      
       interrupt.obj                  240    112       0      
       uart.obj                       222    0         0      
       timer.obj                      140    0         0      
       pwm.obj                        110    0         0      
       cpu.obj                        24     0         0      
    +--+------------------------------+------+---------+---------+
       Total:                         1842   364       0      
                                                              
    C:\ti\ccsv7\tools\compiler\ti-cgt-arm_16.9.6.LTS\lib\rtsv7M4_T_le_v4SPD16_eabi.lib
       ctype.obj                      0      257       0      
       memcpy_t2.obj                  156    0         0      
       memset_t2.obj                  122    0         0      
       autoinit.obj                   112    0         0      
       copy_decompress_lzss.obj       104    0         0      
       exit.obj                       84     0         12     
       boot.obj                       84     0         0      
       ltoa.obj                       84     0         0      
       cpy_tbl.obj                    76     0         0      
       u_divt2.obj                    64     0         0      
       _lock.obj                      20     0         8      
       args_main.obj                  24     0         0      
       isdigit.obj                    16     0         0      
       toupper.obj                    16     0         0      
       copy_decompress_none.obj       14     0         0      
       copy_zero_init.obj             12     0         0      
       pre_init.obj                   4      0         0      
       stkdepth_vars.obj              0      0         4      
       i_div0.obj                     2      0         0      
       mpu_init.obj                   2      0         0      
       startup.obj                    2      0         0      
    +--+------------------------------+------+---------+---------+
       Total:                         998    257       24     
                                                              
       Stack:                         0      0         512    
       Linker Generated:              0      54        0      
    +--+------------------------------+------+---------+---------+
       Grand Total:                   8984   1365      1757   


LINKER GENERATED COPY TABLES

__TI_cinit_table @ 00002868 records: 2, size/record: 8, table size: 16
	.data: load addr=00002840, load size=00000012 bytes, run addr=200006b0, run size=00000030 bytes, compression=lzss
	.bss: load addr=00002860, load size=00000008 bytes, run addr=20000000, run size=000004b0 bytes, compression=zero_init


LINKER GENERATED HANDLER TABLE

__TI_handler_table @ 00002854 records: 3, size/record: 4, table size: 12
	index: 0, handler: __TI_decompress_lzss
	index: 1, handler: __TI_decompress_none
	index: 2, handler: __TI_zero_init


GLOBAL SYMBOLS: SORTED ALPHABETICALLY BY Name 

address   name                           
-------   ----                           
0000210d  C$$EXIT                        
00002509  CPUcpsid                       
00002515  CPUcpsie                       
0000233d  GPIODirModeSet                 
00001a61  GPIOPadConfigSet               
00002201  GPIOPinConfigure               
0000241d  GPIOPinTypePWM                 
0000242f  GPIOPinTypeUART                
000008f9  InputFun                       
00001f21  IntDisable                     
00001f89  IntEnable                      
00002465  IntMasterDisable               
00002475  IntMasterEnable                
00002367  PWMGenConfigure                
00002521  PWMGenEnable                   
00002485  PWMGenPeriodSet                
00002441  PWMOutputState                 
000023a9  PWMPulseWidthSet               
000002b1  PinGenConfig                   
00002539  ResetISR                       
UNDEFED   SHT$$INIT_ARRAY$$Base          
UNDEFED   SHT$$INIT_ARRAY$$Limit         
00001b95  SysCtlClockGet                 
00001ca5  SysCtlClockSet                 
00002569  SysCtlDelay                    
000023e1  SysCtlPWMClockSet              
00002309  SysCtlPeripheralEnable         
000022d1  SysCtlPeripheralPresent        
0000192b  Timer0IntHandler               
00002059  TimerConfigure                 
000024b5  TimerEnable                    
0000257b  TimerIntClear                  
00002559  TimerIntEnable                 
00002453  TimerLoadSet                   
000024c3  UARTCharGetNonBlocking         
000024d1  UARTCharPutNonBlocking         
000024df  UARTCharsAvail                 
0000256f  UARTClockSourceSet             
00002249  UARTConfigSetExpClk            
00002389  UARTDisable                    
00001781  UARTEchoSet                    
000023f5  UARTEnable                     
00002575  UARTFIFOLevelSet               
0000172b  UARTFlushRx                    
0000174b  UARTFlushTx                    
0000257f  UARTIntClear                   
00002545  UARTIntDisable                 
00002561  UARTIntEnable                  
0000254f  UARTIntStatus                  
000016d1  UARTPeek                       
000016af  UARTRxBytesAvail               
000024ed  UARTSpaceAvail                 
00001193  UARTStdioConfig                
000017b5  UARTStdioIntHandler            
000016bd  UARTTxBytesFree                
00001335  UARTgetc                       
000012b9  UARTgets                       
0000168b  UARTprintf                     
00001391  UARTvprintf                    
00001219  UARTwrite                      
200006b0  __STACK_END                    
00000200  __STACK_SIZE                   
200006b0  __STACK_TOP                    
00002868  __TI_CINIT_Base                
00002878  __TI_CINIT_Limit               
00002854  __TI_Handler_Table_Base        
00002860  __TI_Handler_Table_Limit       
00001eb1  __TI_auto_init                 
200006c8  __TI_cleanup_ptr               
00001ff1  __TI_decompress_lzss           
000024fb  __TI_decompress_none           
200006cc  __TI_dtors_ptr                 
200006d0  __TI_enable_exit_profile_output
ffffffff  __TI_pprof_out_hndl            
ffffffff  __TI_prof_data_size            
ffffffff  __TI_prof_data_start           
00000000  __TI_static_base__             
0000252d  __TI_zero_init                 
00001b93  __aeabi_idiv0                  
00001e35  __aeabi_memclr                 
00001e35  __aeabi_memclr4                
00001e35  __aeabi_memclr8                
00001d99  __aeabi_memcpy                 
00001d99  __aeabi_memcpy4                
00001d99  __aeabi_memcpy8                
00001e37  __aeabi_memset                 
00001e37  __aeabi_memset4                
00001e37  __aeabi_memset8                
0000228f  __aeabi_uidiv                  
0000228f  __aeabi_uidivmod               
ffffffff  __binit__                      
ffffffff  __c_args__                     
00001eaf  __mpu_init                     
200004b0  __stack                        
000023c9  _args_main                     
000020b9  _c_int00                       
00002588  _ctypes_                       
200006d4  _lock                          
00002417  _nop                           
0000240f  _register_lock                 
00002409  _register_unlock               
000022cf  _system_post_cinit             
00002583  _system_pre_init               
200006d8  _unlock                        
00002111  abort                          
ffffffff  binit                          
00000921  checkChoice                    
00000f0f  clearPuttyTerminal             
000021b5  copy_in                        
00000f1d  delay                          
00002119  exit                           
00000000  g_pfnVectors                   
00001a0d  initializeAll                  
00001911  initializeClock                
0000026d  initializeFreqDuty             
00001937  initializeGPIOandPWM           
00001923  initializeInterrupt            
0000198f  initializeTimer                
000019d1  initializeUART                 
00000e1d  initsConfirmation              
00002495  isdigit                        
00000521  laserCommands                  
00002161  ltoa                           
0000038f  main                           
200006dc  main_func_sp                   
00001d99  memcpy                         
00001e3d  memset                         
000008d5  outputFun                      
20000480  pd0LaserA                      
20000494  pd1LaserB                      
00000a73  printLaserMenu                 
00000a27  printSelectionMenu             
00000965  printTaskMenu                  
00000371  setDutyCycle                   
00000353  setFrequency                   
00000ec5  terminateFunction              
000024a5  toupper                        


GLOBAL SYMBOLS: SORTED BY Symbol Address 

address   name                           
-------   ----                           
00000000  __TI_static_base__             
00000000  g_pfnVectors                   
00000200  __STACK_SIZE                   
0000026d  initializeFreqDuty             
000002b1  PinGenConfig                   
00000353  setFrequency                   
00000371  setDutyCycle                   
0000038f  main                           
00000521  laserCommands                  
000008d5  outputFun                      
000008f9  InputFun                       
00000921  checkChoice                    
00000965  printTaskMenu                  
00000a27  printSelectionMenu             
00000a73  printLaserMenu                 
00000e1d  initsConfirmation              
00000ec5  terminateFunction              
00000f0f  clearPuttyTerminal             
00000f1d  delay                          
00001193  UARTStdioConfig                
00001219  UARTwrite                      
000012b9  UARTgets                       
00001335  UARTgetc                       
00001391  UARTvprintf                    
0000168b  UARTprintf                     
000016af  UARTRxBytesAvail               
000016bd  UARTTxBytesFree                
000016d1  UARTPeek                       
0000172b  UARTFlushRx                    
0000174b  UARTFlushTx                    
00001781  UARTEchoSet                    
000017b5  UARTStdioIntHandler            
00001911  initializeClock                
00001923  initializeInterrupt            
0000192b  Timer0IntHandler               
00001937  initializeGPIOandPWM           
0000198f  initializeTimer                
000019d1  initializeUART                 
00001a0d  initializeAll                  
00001a61  GPIOPadConfigSet               
00001b93  __aeabi_idiv0                  
00001b95  SysCtlClockGet                 
00001ca5  SysCtlClockSet                 
00001d99  __aeabi_memcpy                 
00001d99  __aeabi_memcpy4                
00001d99  __aeabi_memcpy8                
00001d99  memcpy                         
00001e35  __aeabi_memclr                 
00001e35  __aeabi_memclr4                
00001e35  __aeabi_memclr8                
00001e37  __aeabi_memset                 
00001e37  __aeabi_memset4                
00001e37  __aeabi_memset8                
00001e3d  memset                         
00001eaf  __mpu_init                     
00001eb1  __TI_auto_init                 
00001f21  IntDisable                     
00001f89  IntEnable                      
00001ff1  __TI_decompress_lzss           
00002059  TimerConfigure                 
000020b9  _c_int00                       
0000210d  C$$EXIT                        
00002111  abort                          
00002119  exit                           
00002161  ltoa                           
000021b5  copy_in                        
00002201  GPIOPinConfigure               
00002249  UARTConfigSetExpClk            
0000228f  __aeabi_uidiv                  
0000228f  __aeabi_uidivmod               
000022cf  _system_post_cinit             
000022d1  SysCtlPeripheralPresent        
00002309  SysCtlPeripheralEnable         
0000233d  GPIODirModeSet                 
00002367  PWMGenConfigure                
00002389  UARTDisable                    
000023a9  PWMPulseWidthSet               
000023c9  _args_main                     
000023e1  SysCtlPWMClockSet              
000023f5  UARTEnable                     
00002409  _register_unlock               
0000240f  _register_lock                 
00002417  _nop                           
0000241d  GPIOPinTypePWM                 
0000242f  GPIOPinTypeUART                
00002441  PWMOutputState                 
00002453  TimerLoadSet                   
00002465  IntMasterDisable               
00002475  IntMasterEnable                
00002485  PWMGenPeriodSet                
00002495  isdigit                        
000024a5  toupper                        
000024b5  TimerEnable                    
000024c3  UARTCharGetNonBlocking         
000024d1  UARTCharPutNonBlocking         
000024df  UARTCharsAvail                 
000024ed  UARTSpaceAvail                 
000024fb  __TI_decompress_none           
00002509  CPUcpsid                       
00002515  CPUcpsie                       
00002521  PWMGenEnable                   
0000252d  __TI_zero_init                 
00002539  ResetISR                       
00002545  UARTIntDisable                 
0000254f  UARTIntStatus                  
00002559  TimerIntEnable                 
00002561  UARTIntEnable                  
00002569  SysCtlDelay                    
0000256f  UARTClockSourceSet             
00002575  UARTFIFOLevelSet               
0000257b  TimerIntClear                  
0000257f  UARTIntClear                   
00002583  _system_pre_init               
00002588  _ctypes_                       
00002854  __TI_Handler_Table_Base        
00002860  __TI_Handler_Table_Limit       
00002868  __TI_CINIT_Base                
00002878  __TI_CINIT_Limit               
20000480  pd0LaserA                      
20000494  pd1LaserB                      
200004b0  __stack                        
200006b0  __STACK_END                    
200006b0  __STACK_TOP                    
200006c8  __TI_cleanup_ptr               
200006cc  __TI_dtors_ptr                 
200006d0  __TI_enable_exit_profile_output
200006d4  _lock                          
200006d8  _unlock                        
200006dc  main_func_sp                   
ffffffff  __TI_pprof_out_hndl            
ffffffff  __TI_prof_data_size            
ffffffff  __TI_prof_data_start           
ffffffff  __binit__                      
ffffffff  __c_args__                     
ffffffff  binit                          
UNDEFED   SHT$$INIT_ARRAY$$Base          
UNDEFED   SHT$$INIT_ARRAY$$Limit         

[137 symbols]
